<?xml version="1.0" encoding="ISO-8859-1" ?>
<link_info>
   <banner>TI ARM Linker PC v18.1.4.LTS</banner>
   <copyright>Copyright (c) 1996-2018 Texas Instruments Incorporated</copyright>
   <link_time>0x6574d0da</link_time>
   <link_errors>0x0</link_errors>
   <output_file>EmbeddedVehicleDashboard.out</output_file>
   <entry_point>
      <name>_c_int00_noargs</name>
      <address>0x8619</address>
   </entry_point>
   <input_file_list>
      <input_file id="fl-2">
         <path>.\</path>
         <kind>object</kind>
         <file>Clocks.obj</file>
         <name>Clocks.obj</name>
      </input_file>
      <input_file id="fl-3">
         <path>.\</path>
         <kind>object</kind>
         <file>EEPROM.obj</file>
         <name>EEPROM.obj</name>
      </input_file>
      <input_file id="fl-4">
         <path>.\</path>
         <kind>object</kind>
         <file>EncoderFunctions.obj</file>
         <name>EncoderFunctions.obj</name>
      </input_file>
      <input_file id="fl-5">
         <path>.\</path>
         <kind>object</kind>
         <file>HC-SR04.obj</file>
         <name>HC-SR04.obj</name>
      </input_file>
      <input_file id="fl-6">
         <path>.\</path>
         <kind>object</kind>
         <file>Hall_Effect.obj</file>
         <name>Hall_Effect.obj</name>
      </input_file>
      <input_file id="fl-7">
         <path>.\</path>
         <kind>object</kind>
         <file>I2C_ProjectFunctions.obj</file>
         <name>I2C_ProjectFunctions.obj</name>
      </input_file>
      <input_file id="fl-8">
         <path>.\</path>
         <kind>object</kind>
         <file>MAX219.obj</file>
         <name>MAX219.obj</name>
      </input_file>
      <input_file id="fl-9">
         <path>.\</path>
         <kind>object</kind>
         <file>Menus.obj</file>
         <name>Menus.obj</name>
      </input_file>
      <input_file id="fl-a">
         <path>.\</path>
         <kind>object</kind>
         <file>Photocell.obj</file>
         <name>Photocell.obj</name>
      </input_file>
      <input_file id="fl-b">
         <path>.\</path>
         <kind>object</kind>
         <file>Project.obj</file>
         <name>Project.obj</name>
      </input_file>
      <input_file id="fl-c">
         <path>.\</path>
         <kind>object</kind>
         <file>ProjectButtons.obj</file>
         <name>ProjectButtons.obj</name>
      </input_file>
      <input_file id="fl-d">
         <path>.\</path>
         <kind>object</kind>
         <file>RTC_ProjectFunctions.obj</file>
         <name>RTC_ProjectFunctions.obj</name>
      </input_file>
      <input_file id="fl-e">
         <path>.\</path>
         <kind>object</kind>
         <file>ST7735.obj</file>
         <name>ST7735.obj</name>
      </input_file>
      <input_file id="fl-f">
         <path>.\</path>
         <kind>object</kind>
         <file>Songs.obj</file>
         <name>Songs.obj</name>
      </input_file>
      <input_file id="fl-10">
         <path>.\</path>
         <kind>object</kind>
         <file>Stepper.obj</file>
         <name>Stepper.obj</name>
      </input_file>
      <input_file id="fl-11">
         <path>.\</path>
         <kind>object</kind>
         <file>SysTick_Library.obj</file>
         <name>SysTick_Library.obj</name>
      </input_file>
      <input_file id="fl-12">
         <path>.\</path>
         <kind>object</kind>
         <file>TIMERA.obj</file>
         <name>TIMERA.obj</name>
      </input_file>
      <input_file id="fl-13">
         <path>.\</path>
         <kind>object</kind>
         <file>startup_msp432p401r_ccs.obj</file>
         <name>startup_msp432p401r_ccs.obj</name>
      </input_file>
      <input_file id="fl-14">
         <path>.\</path>
         <kind>object</kind>
         <file>system_msp432p401r.obj</file>
         <name>system_msp432p401r.obj</name>
      </input_file>
      <input_file id="fl-18">
         <kind>object</kind>
         <file>&lt;internal&gt;</file>
         <name>&lt;internal&gt;</name>
      </input_file>
      <input_file id="fl-ce">
         <path>C:\ti\ccsv8\tools\compiler\ti-cgt-arm_18.1.4.LTS\lib\</path>
         <kind>archive</kind>
         <file>rtsv7M4_T_le_v4SPD16_eabi.lib</file>
         <name>fd_add_t2.asm.obj</name>
      </input_file>
      <input_file id="fl-cf">
         <path>C:\ti\ccsv8\tools\compiler\ti-cgt-arm_18.1.4.LTS\lib\</path>
         <kind>archive</kind>
         <file>rtsv7M4_T_le_v4SPD16_eabi.lib</file>
         <name>fd_cmp_t2.asm.obj</name>
      </input_file>
      <input_file id="fl-d0">
         <path>C:\ti\ccsv8\tools\compiler\ti-cgt-arm_18.1.4.LTS\lib\</path>
         <kind>archive</kind>
         <file>rtsv7M4_T_le_v4SPD16_eabi.lib</file>
         <name>fd_div_t2.asm.obj</name>
      </input_file>
      <input_file id="fl-d1">
         <path>C:\ti\ccsv8\tools\compiler\ti-cgt-arm_18.1.4.LTS\lib\</path>
         <kind>archive</kind>
         <file>rtsv7M4_T_le_v4SPD16_eabi.lib</file>
         <name>fd_mul_t2.asm.obj</name>
      </input_file>
      <input_file id="fl-d2">
         <path>C:\ti\ccsv8\tools\compiler\ti-cgt-arm_18.1.4.LTS\lib\</path>
         <kind>archive</kind>
         <file>rtsv7M4_T_le_v4SPD16_eabi.lib</file>
         <name>fd_tos_t2.asm.obj</name>
      </input_file>
      <input_file id="fl-d3">
         <path>C:\ti\ccsv8\tools\compiler\ti-cgt-arm_18.1.4.LTS\lib\</path>
         <kind>archive</kind>
         <file>rtsv7M4_T_le_v4SPD16_eabi.lib</file>
         <name>fs_tod_t2.asm.obj</name>
      </input_file>
      <input_file id="fl-d4">
         <path>C:\ti\ccsv8\tools\compiler\ti-cgt-arm_18.1.4.LTS\lib\</path>
         <kind>archive</kind>
         <file>rtsv7M4_T_le_v4SPD16_eabi.lib</file>
         <name>i_tofd_t2.asm.obj</name>
      </input_file>
      <input_file id="fl-d5">
         <path>C:\ti\ccsv8\tools\compiler\ti-cgt-arm_18.1.4.LTS\lib\</path>
         <kind>archive</kind>
         <file>rtsv7M4_T_le_v4SPD16_eabi.lib</file>
         <name>u_tofd_t2.asm.obj</name>
      </input_file>
      <input_file id="fl-d6">
         <path>C:\ti\ccsv8\tools\compiler\ti-cgt-arm_18.1.4.LTS\lib\</path>
         <kind>archive</kind>
         <file>rtsv7M4_T_le_v4SPD16_eabi.lib</file>
         <name>memset_t2.asm.obj</name>
      </input_file>
      <input_file id="fl-d7">
         <path>C:\ti\ccsv8\tools\compiler\ti-cgt-arm_18.1.4.LTS\lib\</path>
         <kind>archive</kind>
         <file>rtsv7M4_T_le_v4SPD16_eabi.lib</file>
         <name>copy_zero_init.c.obj</name>
      </input_file>
      <input_file id="fl-d8">
         <path>C:\ti\ccsv8\tools\compiler\ti-cgt-arm_18.1.4.LTS\lib\</path>
         <kind>archive</kind>
         <file>rtsv7M4_T_le_v4SPD16_eabi.lib</file>
         <name>copy_decompress_none.c.obj</name>
      </input_file>
      <input_file id="fl-d9">
         <path>C:\ti\ccsv8\tools\compiler\ti-cgt-arm_18.1.4.LTS\lib\</path>
         <kind>archive</kind>
         <file>rtsv7M4_T_le_v4SPD16_eabi.lib</file>
         <name>copy_decompress_lzss.c.obj</name>
      </input_file>
      <input_file id="fl-da">
         <path>C:\ti\ccsv8\tools\compiler\ti-cgt-arm_18.1.4.LTS\lib\</path>
         <kind>archive</kind>
         <file>rtsv7M4_T_le_v4SPD16_eabi.lib</file>
         <name>boot_cortex_m.c.obj</name>
      </input_file>
      <input_file id="fl-db">
         <path>C:\ti\ccsv8\tools\compiler\ti-cgt-arm_18.1.4.LTS\lib\</path>
         <kind>archive</kind>
         <file>rtsv7M4_T_le_v4SPD16_eabi.lib</file>
         <name>exit.c.obj</name>
      </input_file>
      <input_file id="fl-dc">
         <path>C:\ti\ccsv8\tools\compiler\ti-cgt-arm_18.1.4.LTS\lib\</path>
         <kind>archive</kind>
         <file>rtsv7M4_T_le_v4SPD16_eabi.lib</file>
         <name>_lock.c.obj</name>
      </input_file>
      <input_file id="fl-dd">
         <path>C:\ti\ccsv8\tools\compiler\ti-cgt-arm_18.1.4.LTS\lib\</path>
         <kind>archive</kind>
         <file>rtsv7M4_T_le_v4SPD16_eabi.lib</file>
         <name>args_main.c.obj</name>
      </input_file>
      <input_file id="fl-de">
         <path>C:\ti\ccsv8\tools\compiler\ti-cgt-arm_18.1.4.LTS\lib\</path>
         <kind>archive</kind>
         <file>rtsv7M4_T_le_v4SPD16_eabi.lib</file>
         <name>memcpy_t2.asm.obj</name>
      </input_file>
      <input_file id="fl-df">
         <path>C:\ti\ccsv8\tools\compiler\ti-cgt-arm_18.1.4.LTS\lib\</path>
         <kind>archive</kind>
         <file>rtsv7M4_T_le_v4SPD16_eabi.lib</file>
         <name>autoinit.c.obj</name>
      </input_file>
      <input_file id="fl-e0">
         <path>C:\ti\ccsv8\tools\compiler\ti-cgt-arm_18.1.4.LTS\lib\</path>
         <kind>archive</kind>
         <file>rtsv7M4_T_le_v4SPD16_eabi.lib</file>
         <name>pre_init.c.obj</name>
      </input_file>
      <input_file id="fl-e1">
         <path>C:\ti\ccsv8\tools\compiler\ti-cgt-arm_18.1.4.LTS\lib\</path>
         <kind>archive</kind>
         <file>rtsv7M4_T_le_v4SPD16_eabi.lib</file>
         <name>cpy_tbl.c.obj</name>
      </input_file>
   </input_file_list>
   <object_component_list>
      <object_component id="oc-23">
         <name>.intvecs:retain</name>
         <load_address>0x0</load_address>
         <run_address>0x0</run_address>
         <size>0xe4</size>
         <input_file_ref idref="fl-13"/>
      </object_component>
      <object_component id="oc-cd">
         <name>.text</name>
         <load_address>0xe4</load_address>
         <run_address>0xe4</run_address>
         <size>0x1ec8</size>
         <input_file_ref idref="fl-4"/>
      </object_component>
      <object_component id="oc-fa">
         <name>.text</name>
         <load_address>0x1fac</load_address>
         <run_address>0x1fac</run_address>
         <size>0x1718</size>
         <input_file_ref idref="fl-e"/>
      </object_component>
      <object_component id="oc-106">
         <name>.text</name>
         <load_address>0x36c4</load_address>
         <run_address>0x36c4</run_address>
         <size>0x1274</size>
         <input_file_ref idref="fl-f"/>
      </object_component>
      <object_component id="oc-70">
         <name>.text</name>
         <load_address>0x4938</load_address>
         <run_address>0x4938</run_address>
         <size>0x10c0</size>
         <input_file_ref idref="fl-b"/>
      </object_component>
      <object_component id="oc-eb">
         <name>.text</name>
         <load_address>0x59f8</load_address>
         <run_address>0x59f8</run_address>
         <size>0x660</size>
         <input_file_ref idref="fl-d"/>
      </object_component>
      <object_component id="oc-bb">
         <name>.text</name>
         <load_address>0x6058</load_address>
         <run_address>0x6058</run_address>
         <size>0x600</size>
         <input_file_ref idref="fl-9"/>
      </object_component>
      <object_component id="oc-df">
         <name>.text</name>
         <load_address>0x6658</load_address>
         <run_address>0x6658</run_address>
         <size>0x400</size>
         <input_file_ref idref="fl-10"/>
      </object_component>
      <object_component id="oc-d3">
         <name>.text</name>
         <load_address>0x6a58</load_address>
         <run_address>0x6a58</run_address>
         <size>0x37c</size>
         <input_file_ref idref="fl-8"/>
      </object_component>
      <object_component id="oc-a8">
         <name>.text</name>
         <load_address>0x6dd4</load_address>
         <run_address>0x6dd4</run_address>
         <size>0x334</size>
         <input_file_ref idref="fl-14"/>
      </object_component>
      <object_component id="oc-c1">
         <name>.text</name>
         <load_address>0x7108</load_address>
         <run_address>0x7108</run_address>
         <size>0x2e8</size>
         <input_file_ref idref="fl-a"/>
      </object_component>
      <object_component id="oc-c7">
         <name>.text</name>
         <load_address>0x73f0</load_address>
         <run_address>0x73f0</run_address>
         <size>0x2bc</size>
         <input_file_ref idref="fl-c"/>
      </object_component>
      <object_component id="oc-e5">
         <name>.text</name>
         <load_address>0x76ac</load_address>
         <run_address>0x76ac</run_address>
         <size>0x228</size>
         <input_file_ref idref="fl-3"/>
      </object_component>
      <object_component id="oc-1d9">
         <name>.text</name>
         <load_address>0x78d4</load_address>
         <run_address>0x78d4</run_address>
         <size>0x1b6</size>
         <input_file_ref idref="fl-ce"/>
      </object_component>
      <object_component id="oc-1cc">
         <name>.text</name>
         <load_address>0x7a8c</load_address>
         <run_address>0x7a8c</run_address>
         <size>0x188</size>
         <input_file_ref idref="fl-7"/>
      </object_component>
      <object_component id="oc-b5">
         <name>.text</name>
         <load_address>0x7c14</load_address>
         <run_address>0x7c14</run_address>
         <size>0x144</size>
         <input_file_ref idref="fl-2"/>
      </object_component>
      <object_component id="oc-191">
         <name>.text</name>
         <load_address>0x7d58</load_address>
         <run_address>0x7d58</run_address>
         <size>0x136</size>
         <input_file_ref idref="fl-d0"/>
      </object_component>
      <object_component id="oc-18c">
         <name>.text</name>
         <load_address>0x7e8e</load_address>
         <run_address>0x7e8e</run_address>
         <size>0xfc</size>
         <input_file_ref idref="fl-d1"/>
      </object_component>
      <object_component id="oc-100">
         <name>.text</name>
         <load_address>0x7f8c</load_address>
         <run_address>0x7f8c</run_address>
         <size>0xf0</size>
         <input_file_ref idref="fl-5"/>
      </object_component>
      <object_component id="oc-6a">
         <name>.text</name>
         <load_address>0x807c</load_address>
         <run_address>0x807c</run_address>
         <size>0xe8</size>
         <input_file_ref idref="fl-11"/>
      </object_component>
      <object_component id="oc-f4">
         <name>.text</name>
         <load_address>0x8164</load_address>
         <run_address>0x8164</run_address>
         <size>0xc0</size>
         <input_file_ref idref="fl-12"/>
      </object_component>
      <object_component id="oc-d9">
         <name>.text</name>
         <load_address>0x8224</load_address>
         <run_address>0x8224</run_address>
         <size>0xb8</size>
         <input_file_ref idref="fl-6"/>
      </object_component>
      <object_component id="oc-34">
         <name>.text</name>
         <load_address>0x82dc</load_address>
         <run_address>0x82dc</run_address>
         <size>0x9c</size>
         <input_file_ref idref="fl-de"/>
      </object_component>
      <object_component id="oc-1a0">
         <name>.text:__aeabi_cdcmple</name>
         <load_address>0x8378</load_address>
         <run_address>0x8378</run_address>
         <size>0x86</size>
         <input_file_ref idref="fl-cf"/>
      </object_component>
      <object_component id="oc-1a5">
         <name>.text:__aeabi_cdrcmple</name>
         <load_address>0x83fe</load_address>
         <run_address>0x83fe</run_address>
         <size>0x86</size>
         <input_file_ref idref="fl-cf"/>
      </object_component>
      <object_component id="oc-90">
         <name>.text</name>
         <load_address>0x8484</load_address>
         <run_address>0x8484</run_address>
         <size>0x7a</size>
         <input_file_ref idref="fl-d6"/>
      </object_component>
      <object_component id="oc-196">
         <name>.text</name>
         <load_address>0x84fe</load_address>
         <run_address>0x84fe</run_address>
         <size>0x6e</size>
         <input_file_ref idref="fl-d2"/>
      </object_component>
      <object_component id="oc-14">
         <name>.text:decompress:lzss:__TI_decompress_lzss</name>
         <load_address>0x856c</load_address>
         <run_address>0x856c</run_address>
         <size>0x68</size>
         <input_file_ref idref="fl-d9"/>
      </object_component>
      <object_component id="oc-144">
         <name>.text:__TI_auto_init_nobinit_nopinit:__TI_auto_init_nobinit_nopinit</name>
         <load_address>0x85d4</load_address>
         <run_address>0x85d4</run_address>
         <size>0x44</size>
         <input_file_ref idref="fl-df"/>
      </object_component>
      <object_component id="oc-52">
         <name>.text:_c_int00_noargs:_c_int00_noargs</name>
         <load_address>0x8618</load_address>
         <run_address>0x8618</run_address>
         <size>0x38</size>
         <input_file_ref idref="fl-da"/>
      </object_component>
      <object_component id="oc-19b">
         <name>.text</name>
         <load_address>0x8650</load_address>
         <run_address>0x8650</run_address>
         <size>0x38</size>
         <input_file_ref idref="fl-d3"/>
      </object_component>
      <object_component id="oc-1d4">
         <name>.text</name>
         <load_address>0x8688</load_address>
         <run_address>0x8688</run_address>
         <size>0x2e</size>
         <input_file_ref idref="fl-d4"/>
      </object_component>
      <object_component id="oc-187">
         <name>.text</name>
         <load_address>0x86b6</load_address>
         <run_address>0x86b6</run_address>
         <size>0x20</size>
         <input_file_ref idref="fl-d5"/>
      </object_component>
      <object_component id="oc-40">
         <name>.text:decompress:ZI:__TI_zero_init_nomemset:__TI_zero_init_nomemset</name>
         <load_address>0x86d6</load_address>
         <run_address>0x86d6</run_address>
         <size>0x12</size>
         <input_file_ref idref="fl-d7"/>
      </object_component>
      <object_component id="oc-1a">
         <name>.text:decompress:none:__TI_decompress_none</name>
         <load_address>0x86e8</load_address>
         <run_address>0x86e8</run_address>
         <size>0xe</size>
         <input_file_ref idref="fl-d8"/>
      </object_component>
      <object_component id="oc-64">
         <name>.text</name>
         <load_address>0x86f6</load_address>
         <run_address>0x86f6</run_address>
         <size>0xe</size>
         <input_file_ref idref="fl-13"/>
      </object_component>
      <object_component id="oc-96">
         <name>.text:_system_pre_init</name>
         <load_address>0x8704</load_address>
         <run_address>0x8704</run_address>
         <size>0x4</size>
         <input_file_ref idref="fl-e0"/>
      </object_component>
      <object_component id="oc-138">
         <name>.text:abort:abort</name>
         <load_address>0x8708</load_address>
         <run_address>0x8708</run_address>
         <size>0x4</size>
         <input_file_ref idref="fl-db"/>
      </object_component>
      <object_component id="oc-1f9">
         <name>.const:.string:Font</name>
         <load_address>0x870c</load_address>
         <run_address>0x870c</run_address>
         <size>0x4fb</size>
         <input_file_ref idref="fl-e"/>
      </object_component>
      <object_component id="oc-204">
         <name>.const:.string:dBfs</name>
         <load_address>0x8c07</load_address>
         <run_address>0x8c07</run_address>
         <size>0x200</size>
         <input_file_ref idref="fl-e"/>
      </object_component>
      <object_component id="oc-1e7">
         <name>.const:.string:Bcmd</name>
         <load_address>0x8e07</load_address>
         <run_address>0x8e07</run_address>
         <size>0x67</size>
         <input_file_ref idref="fl-e"/>
      </object_component>
      <object_component id="oc-1ed">
         <name>.const:.string:Rcmd1</name>
         <load_address>0x8e6e</load_address>
         <run_address>0x8e6e</run_address>
         <size>0x3b</size>
         <input_file_ref idref="fl-e"/>
      </object_component>
      <object_component id="oc-1f6">
         <name>.const:.string:Rcmd3</name>
         <load_address>0x8ea9</load_address>
         <run_address>0x8ea9</run_address>
         <size>0x2b</size>
         <input_file_ref idref="fl-e"/>
      </object_component>
      <object_component id="oc-1f0">
         <name>.const:.string:Rcmd2green</name>
         <load_address>0x8ed4</load_address>
         <run_address>0x8ed4</run_address>
         <size>0xd</size>
         <input_file_ref idref="fl-e"/>
      </object_component>
      <object_component id="oc-1f3">
         <name>.const:.string:Rcmd2red</name>
         <load_address>0x8ee1</load_address>
         <run_address>0x8ee1</run_address>
         <size>0xd</size>
         <input_file_ref idref="fl-e"/>
      </object_component>
      <object_component id="oc-1c5">
         <name>.const:.string:$P$T4$5</name>
         <load_address>0x8eee</load_address>
         <run_address>0x8eee</run_address>
         <size>0x8</size>
         <input_file_ref idref="fl-8"/>
      </object_component>
      <object_component id="oc-1b9">
         <name>.const:.string:$P$T0$1</name>
         <load_address>0x8ef6</load_address>
         <run_address>0x8ef6</run_address>
         <size>0x6</size>
         <input_file_ref idref="fl-8"/>
      </object_component>
      <object_component id="oc-1bc">
         <name>.const:.string:$P$T1$2</name>
         <load_address>0x8efc</load_address>
         <run_address>0x8efc</run_address>
         <size>0x6</size>
         <input_file_ref idref="fl-8"/>
      </object_component>
      <object_component id="oc-1bf">
         <name>.const:.string:$P$T2$3</name>
         <load_address>0x8f02</load_address>
         <run_address>0x8f02</run_address>
         <size>0x6</size>
         <input_file_ref idref="fl-8"/>
      </object_component>
      <object_component id="oc-1c2">
         <name>.const:.string:$P$T3$4</name>
         <load_address>0x8f08</load_address>
         <run_address>0x8f08</run_address>
         <size>0x6</size>
         <input_file_ref idref="fl-8"/>
      </object_component>
      <object_component id="oc-2f4">
         <name>.cinit..data.load</name>
         <load_address>0x8f10</load_address>
         <run_address>0x8f10</run_address>
         <size>0x31</size>
      </object_component>
      <object_component id="oc-2f2">
         <name>__TI_handler_table</name>
         <load_address>0x8f44</load_address>
         <run_address>0x8f44</run_address>
         <size>0xc</size>
      </object_component>
      <object_component id="oc-2f5">
         <name>.cinit..bss.load</name>
         <load_address>0x8f50</load_address>
         <run_address>0x8f50</run_address>
         <size>0x8</size>
      </object_component>
      <object_component id="oc-2f3">
         <name>__TI_cinit_table</name>
         <load_address>0x8f58</load_address>
         <run_address>0x8f58</run_address>
         <size>0x10</size>
      </object_component>
      <object_component id="oc-2c7">
         <name>.binit</name>
         <load_address>0x0</load_address>
         <run_address>0x0</run_address>
         <size>0x0</size>
      </object_component>
      <object_component id="oc-10f">
         <name>.data</name>
         <load_address>0x20000048</load_address>
         <run_address>0x20000048</run_address>
         <size>0x26</size>
         <input_file_ref idref="fl-4"/>
      </object_component>
      <object_component id="oc-118">
         <name>.data</name>
         <load_address>0x200000b8</load_address>
         <run_address>0x200000b8</run_address>
         <size>0x8</size>
         <input_file_ref idref="fl-5"/>
      </object_component>
      <object_component id="oc-115">
         <name>.data</name>
         <load_address>0x20000070</load_address>
         <run_address>0x20000070</run_address>
         <size>0x20</size>
         <input_file_ref idref="fl-6"/>
      </object_component>
      <object_component id="oc-112">
         <name>.data</name>
         <load_address>0x200000c8</load_address>
         <run_address>0x200000c8</run_address>
         <size>0x4</size>
         <input_file_ref idref="fl-9"/>
      </object_component>
      <object_component id="oc-1ab">
         <name>.data</name>
         <load_address>0x200000cc</load_address>
         <run_address>0x200000cc</run_address>
         <size>0x4</size>
         <input_file_ref idref="fl-a"/>
      </object_component>
      <object_component id="oc-f1">
         <name>.data</name>
         <load_address>0x20000000</load_address>
         <run_address>0x20000000</run_address>
         <size>0x48</size>
         <input_file_ref idref="fl-b"/>
      </object_component>
      <object_component id="oc-1b1">
         <name>.data:Time_toSend</name>
         <load_address>0x200000d0</load_address>
         <run_address>0x200000d0</run_address>
         <size>0x4</size>
         <input_file_ref idref="fl-b"/>
      </object_component>
      <object_component id="oc-1b4">
         <name>.data:Date_toSend</name>
         <load_address>0x200000c0</load_address>
         <run_address>0x200000c0</run_address>
         <size>0x5</size>
         <input_file_ref idref="fl-b"/>
      </object_component>
      <object_component id="oc-10c">
         <name>.data</name>
         <load_address>0x200000a4</load_address>
         <run_address>0x200000a4</run_address>
         <size>0x12</size>
         <input_file_ref idref="fl-c"/>
      </object_component>
      <object_component id="oc-1ea">
         <name>.data</name>
         <load_address>0x20000090</load_address>
         <run_address>0x20000090</run_address>
         <size>0x14</size>
         <input_file_ref idref="fl-e"/>
      </object_component>
      <object_component id="oc-176">
         <name>.data</name>
         <load_address>0x200000d4</load_address>
         <run_address>0x200000d4</run_address>
         <size>0x4</size>
         <input_file_ref idref="fl-14"/>
      </object_component>
      <object_component id="oc-1aa">
         <name>.bss</name>
         <uninitialized>true</uninitialized>
         <run_address>0x200000fc</run_address>
         <size>0x2</size>
         <input_file_ref idref="fl-a"/>
      </object_component>
      <object_component id="oc-1e4">
         <name>.bss</name>
         <uninitialized>true</uninitialized>
         <run_address>0x200000e4</run_address>
         <size>0x4</size>
         <input_file_ref idref="fl-e"/>
      </object_component>
      <object_component id="oc-1fc">
         <name>.common:Message</name>
         <uninitialized>true</uninitialized>
         <run_address>0x200000d8</run_address>
         <size>0xc</size>
      </object_component>
      <object_component id="oc-1ff">
         <name>.common:Messageindex</name>
         <uninitialized>true</uninitialized>
         <run_address>0x200000e8</run_address>
         <size>0x4</size>
      </object_component>
      <object_component id="oc-200">
         <name>.common:Ymax</name>
         <uninitialized>true</uninitialized>
         <run_address>0x200000f0</run_address>
         <size>0x4</size>
      </object_component>
      <object_component id="oc-201">
         <name>.common:Ymin</name>
         <uninitialized>true</uninitialized>
         <run_address>0x200000f4</run_address>
         <size>0x4</size>
      </object_component>
      <object_component id="oc-203">
         <name>.common:X</name>
         <uninitialized>true</uninitialized>
         <run_address>0x200000ec</run_address>
         <size>0x4</size>
      </object_component>
      <object_component id="oc-202">
         <name>.common:Yrange</name>
         <uninitialized>true</uninitialized>
         <run_address>0x200000f8</run_address>
         <size>0x4</size>
      </object_component>
      <object_component id="oc-26">
         <name>.stack</name>
         <uninitialized>true</uninitialized>
         <run_address>0x2000fe00</run_address>
         <size>0x4</size>
         <input_file_ref idref="fl-da"/>
      </object_component>
      <object_component id="oc-2f6">
         <name>.stack</name>
         <uninitialized>true</uninitialized>
         <run_address>0x2000fe00</run_address>
         <size>0x0</size>
      </object_component>
      <object_component id="oc-21c">
         <name>.debug_info</name>
         <load_address>0x0</load_address>
         <run_address>0x0</run_address>
         <size>0x536</size>
         <input_file_ref idref="fl-2"/>
      </object_component>
      <object_component id="oc-b6">
         <name>.debug_info</name>
         <load_address>0x536</load_address>
         <run_address>0x536</run_address>
         <size>0x38a</size>
         <input_file_ref idref="fl-2"/>
      </object_component>
      <object_component id="oc-241">
         <name>.debug_info</name>
         <load_address>0x8c0</load_address>
         <run_address>0x8c0</run_address>
         <size>0x1055</size>
         <input_file_ref idref="fl-2"/>
      </object_component>
      <object_component id="oc-180">
         <name>.debug_info</name>
         <load_address>0x1915</load_address>
         <run_address>0x1915</run_address>
         <size>0x37e2</size>
         <input_file_ref idref="fl-2"/>
      </object_component>
      <object_component id="oc-123">
         <name>.debug_info</name>
         <load_address>0x50f7</load_address>
         <run_address>0x50f7</run_address>
         <size>0x26b</size>
         <input_file_ref idref="fl-2"/>
      </object_component>
      <object_component id="oc-2f">
         <name>.debug_info</name>
         <load_address>0x5362</load_address>
         <run_address>0x5362</run_address>
         <size>0x84</size>
         <input_file_ref idref="fl-2"/>
      </object_component>
      <object_component id="oc-17a">
         <name>.debug_info</name>
         <load_address>0x53e6</load_address>
         <run_address>0x53e6</run_address>
         <size>0x297</size>
         <input_file_ref idref="fl-2"/>
      </object_component>
      <object_component id="oc-b0">
         <name>.debug_info</name>
         <load_address>0x567d</load_address>
         <run_address>0x567d</run_address>
         <size>0xbb</size>
         <input_file_ref idref="fl-2"/>
      </object_component>
      <object_component id="oc-284">
         <name>.debug_info</name>
         <load_address>0x5738</load_address>
         <run_address>0x5738</run_address>
         <size>0xcc</size>
         <input_file_ref idref="fl-2"/>
      </object_component>
      <object_component id="oc-1d3">
         <name>.debug_info</name>
         <load_address>0x5804</load_address>
         <run_address>0x5804</run_address>
         <size>0x63f</size>
         <input_file_ref idref="fl-3"/>
      </object_component>
      <object_component id="oc-e6">
         <name>.debug_info</name>
         <load_address>0x5e43</load_address>
         <run_address>0x5e43</run_address>
         <size>0x8ef</size>
         <input_file_ref idref="fl-3"/>
      </object_component>
      <object_component id="oc-11c">
         <name>.debug_info</name>
         <load_address>0x6732</load_address>
         <run_address>0x6732</run_address>
         <size>0x37e2</size>
         <input_file_ref idref="fl-3"/>
      </object_component>
      <object_component id="oc-208">
         <name>.debug_info</name>
         <load_address>0x9f14</load_address>
         <run_address>0x9f14</run_address>
         <size>0x51</size>
         <input_file_ref idref="fl-3"/>
      </object_component>
      <object_component id="oc-1b8">
         <name>.debug_info</name>
         <load_address>0x9f65</load_address>
         <run_address>0x9f65</run_address>
         <size>0x9b5</size>
         <input_file_ref idref="fl-4"/>
      </object_component>
      <object_component id="oc-110">
         <name>.debug_info</name>
         <load_address>0xa91a</load_address>
         <run_address>0xa91a</run_address>
         <size>0x21f</size>
         <input_file_ref idref="fl-4"/>
      </object_component>
      <object_component id="oc-ce">
         <name>.debug_info</name>
         <load_address>0xab39</load_address>
         <run_address>0xab39</run_address>
         <size>0x130c</size>
         <input_file_ref idref="fl-4"/>
      </object_component>
      <object_component id="oc-21b">
         <name>.debug_info</name>
         <load_address>0xbe45</load_address>
         <run_address>0xbe45</run_address>
         <size>0x541</size>
         <input_file_ref idref="fl-5"/>
      </object_component>
      <object_component id="oc-119">
         <name>.debug_info</name>
         <load_address>0xc386</load_address>
         <run_address>0xc386</run_address>
         <size>0x133</size>
         <input_file_ref idref="fl-5"/>
      </object_component>
      <object_component id="oc-101">
         <name>.debug_info</name>
         <load_address>0xc4b9</load_address>
         <run_address>0xc4b9</run_address>
         <size>0x1a5</size>
         <input_file_ref idref="fl-5"/>
      </object_component>
      <object_component id="oc-218">
         <name>.debug_info</name>
         <load_address>0xc65e</load_address>
         <run_address>0xc65e</run_address>
         <size>0x540</size>
         <input_file_ref idref="fl-6"/>
      </object_component>
      <object_component id="oc-116">
         <name>.debug_info</name>
         <load_address>0xcb9e</load_address>
         <run_address>0xcb9e</run_address>
         <size>0x219</size>
         <input_file_ref idref="fl-6"/>
      </object_component>
      <object_component id="oc-da">
         <name>.debug_info</name>
         <load_address>0xcdb7</load_address>
         <run_address>0xcdb7</run_address>
         <size>0x2ce</size>
         <input_file_ref idref="fl-6"/>
      </object_component>
      <object_component id="oc-269">
         <name>.debug_info</name>
         <load_address>0xd085</load_address>
         <run_address>0xd085</run_address>
         <size>0x544</size>
         <input_file_ref idref="fl-7"/>
      </object_component>
      <object_component id="oc-1cd">
         <name>.debug_info</name>
         <load_address>0xd5c9</load_address>
         <run_address>0xd5c9</run_address>
         <size>0x393</size>
         <input_file_ref idref="fl-7"/>
      </object_component>
      <object_component id="oc-1c9">
         <name>.debug_info</name>
         <load_address>0xd95c</load_address>
         <run_address>0xd95c</run_address>
         <size>0x5a5</size>
         <input_file_ref idref="fl-8"/>
      </object_component>
      <object_component id="oc-1ba">
         <name>.debug_info</name>
         <load_address>0xdf01</load_address>
         <run_address>0xdf01</run_address>
         <size>0xd6</size>
         <input_file_ref idref="fl-8"/>
      </object_component>
      <object_component id="oc-1bd">
         <name>.debug_info</name>
         <load_address>0xdfd7</load_address>
         <run_address>0xdfd7</run_address>
         <size>0xd6</size>
         <input_file_ref idref="fl-8"/>
      </object_component>
      <object_component id="oc-1c0">
         <name>.debug_info</name>
         <load_address>0xe0ad</load_address>
         <run_address>0xe0ad</run_address>
         <size>0xd6</size>
         <input_file_ref idref="fl-8"/>
      </object_component>
      <object_component id="oc-1c3">
         <name>.debug_info</name>
         <load_address>0xe183</load_address>
         <run_address>0xe183</run_address>
         <size>0xd6</size>
         <input_file_ref idref="fl-8"/>
      </object_component>
      <object_component id="oc-1c6">
         <name>.debug_info</name>
         <load_address>0xe259</load_address>
         <run_address>0xe259</run_address>
         <size>0xd6</size>
         <input_file_ref idref="fl-8"/>
      </object_component>
      <object_component id="oc-d4">
         <name>.debug_info</name>
         <load_address>0xe32f</load_address>
         <run_address>0xe32f</run_address>
         <size>0x68e</size>
         <input_file_ref idref="fl-8"/>
      </object_component>
      <object_component id="oc-263">
         <name>.debug_info</name>
         <load_address>0xe9bd</load_address>
         <run_address>0xe9bd</run_address>
         <size>0x37e2</size>
         <input_file_ref idref="fl-8"/>
      </object_component>
      <object_component id="oc-186">
         <name>.debug_info</name>
         <load_address>0x1219f</load_address>
         <run_address>0x1219f</run_address>
         <size>0xa5a</size>
         <input_file_ref idref="fl-9"/>
      </object_component>
      <object_component id="oc-113">
         <name>.debug_info</name>
         <load_address>0x12bf9</load_address>
         <run_address>0x12bf9</run_address>
         <size>0xd0</size>
         <input_file_ref idref="fl-9"/>
      </object_component>
      <object_component id="oc-be">
         <name>.debug_info</name>
         <load_address>0x12cc9</load_address>
         <run_address>0x12cc9</run_address>
         <size>0x8cb</size>
         <input_file_ref idref="fl-9"/>
      </object_component>
      <object_component id="oc-1af">
         <name>.debug_info</name>
         <load_address>0x13594</load_address>
         <run_address>0x13594</run_address>
         <size>0x53e</size>
         <input_file_ref idref="fl-a"/>
      </object_component>
      <object_component id="oc-1ac">
         <name>.debug_info</name>
         <load_address>0x13ad2</load_address>
         <run_address>0x13ad2</run_address>
         <size>0xea</size>
         <input_file_ref idref="fl-a"/>
      </object_component>
      <object_component id="oc-c2">
         <name>.debug_info</name>
         <load_address>0x13bbc</load_address>
         <run_address>0x13bbc</run_address>
         <size>0x609</size>
         <input_file_ref idref="fl-a"/>
      </object_component>
      <object_component id="oc-1e2">
         <name>.debug_info</name>
         <load_address>0x141c5</load_address>
         <run_address>0x141c5</run_address>
         <size>0x1212</size>
         <input_file_ref idref="fl-b"/>
      </object_component>
      <object_component id="oc-f2">
         <name>.debug_info</name>
         <load_address>0x153d7</load_address>
         <run_address>0x153d7</run_address>
         <size>0x705</size>
         <input_file_ref idref="fl-b"/>
      </object_component>
      <object_component id="oc-1b2">
         <name>.debug_info</name>
         <load_address>0x15adc</load_address>
         <run_address>0x15adc</run_address>
         <size>0xe0</size>
         <input_file_ref idref="fl-b"/>
      </object_component>
      <object_component id="oc-1b5">
         <name>.debug_info</name>
         <load_address>0x15bbc</load_address>
         <run_address>0x15bbc</run_address>
         <size>0xe0</size>
         <input_file_ref idref="fl-b"/>
      </object_component>
      <object_component id="oc-71">
         <name>.debug_info</name>
         <load_address>0x15c9c</load_address>
         <run_address>0x15c9c</run_address>
         <size>0x2087</size>
         <input_file_ref idref="fl-b"/>
      </object_component>
      <object_component id="oc-211">
         <name>.debug_info</name>
         <load_address>0x17d23</load_address>
         <run_address>0x17d23</run_address>
         <size>0x543</size>
         <input_file_ref idref="fl-c"/>
      </object_component>
      <object_component id="oc-10d">
         <name>.debug_info</name>
         <load_address>0x18266</load_address>
         <run_address>0x18266</run_address>
         <size>0x17d</size>
         <input_file_ref idref="fl-c"/>
      </object_component>
      <object_component id="oc-c8">
         <name>.debug_info</name>
         <load_address>0x183e3</load_address>
         <run_address>0x183e3</run_address>
         <size>0x56d</size>
         <input_file_ref idref="fl-c"/>
      </object_component>
      <object_component id="oc-1df">
         <name>.debug_info</name>
         <load_address>0x18950</load_address>
         <run_address>0x18950</run_address>
         <size>0x6a5</size>
         <input_file_ref idref="fl-d"/>
      </object_component>
      <object_component id="oc-ed">
         <name>.debug_info</name>
         <load_address>0x18ff5</load_address>
         <run_address>0x18ff5</run_address>
         <size>0xdc0</size>
         <input_file_ref idref="fl-d"/>
      </object_component>
      <object_component id="oc-1fd">
         <name>.debug_info</name>
         <load_address>0x19db5</load_address>
         <run_address>0x19db5</run_address>
         <size>0x66e</size>
         <input_file_ref idref="fl-e"/>
      </object_component>
      <object_component id="oc-1eb">
         <name>.debug_info</name>
         <load_address>0x1a423</load_address>
         <run_address>0x1a423</run_address>
         <size>0x165</size>
         <input_file_ref idref="fl-e"/>
      </object_component>
      <object_component id="oc-1fa">
         <name>.debug_info</name>
         <load_address>0x1a588</load_address>
         <run_address>0x1a588</run_address>
         <size>0xd0</size>
         <input_file_ref idref="fl-e"/>
      </object_component>
      <object_component id="oc-1e5">
         <name>.debug_info</name>
         <load_address>0x1a658</load_address>
         <run_address>0x1a658</run_address>
         <size>0x13c</size>
         <input_file_ref idref="fl-e"/>
      </object_component>
      <object_component id="oc-1e8">
         <name>.debug_info</name>
         <load_address>0x1a794</load_address>
         <run_address>0x1a794</run_address>
         <size>0xd1</size>
         <input_file_ref idref="fl-e"/>
      </object_component>
      <object_component id="oc-1ee">
         <name>.debug_info</name>
         <load_address>0x1a865</load_address>
         <run_address>0x1a865</run_address>
         <size>0xd3</size>
         <input_file_ref idref="fl-e"/>
      </object_component>
      <object_component id="oc-1f1">
         <name>.debug_info</name>
         <load_address>0x1a938</load_address>
         <run_address>0x1a938</run_address>
         <size>0xdd</size>
         <input_file_ref idref="fl-e"/>
      </object_component>
      <object_component id="oc-1f4">
         <name>.debug_info</name>
         <load_address>0x1aa15</load_address>
         <run_address>0x1aa15</run_address>
         <size>0xd9</size>
         <input_file_ref idref="fl-e"/>
      </object_component>
      <object_component id="oc-1f7">
         <name>.debug_info</name>
         <load_address>0x1aaee</load_address>
         <run_address>0x1aaee</run_address>
         <size>0xd3</size>
         <input_file_ref idref="fl-e"/>
      </object_component>
      <object_component id="oc-205">
         <name>.debug_info</name>
         <load_address>0x1abc1</load_address>
         <run_address>0x1abc1</run_address>
         <size>0xd2</size>
         <input_file_ref idref="fl-e"/>
      </object_component>
      <object_component id="oc-fb">
         <name>.debug_info</name>
         <load_address>0x1ac93</load_address>
         <run_address>0x1ac93</run_address>
         <size>0x26b8</size>
         <input_file_ref idref="fl-e"/>
      </object_component>
      <object_component id="oc-108">
         <name>.debug_info</name>
         <load_address>0x1d34b</load_address>
         <run_address>0x1d34b</run_address>
         <size>0x1bb8</size>
         <input_file_ref idref="fl-f"/>
      </object_component>
      <object_component id="oc-e1">
         <name>.debug_info</name>
         <load_address>0x1ef03</load_address>
         <run_address>0x1ef03</run_address>
         <size>0xb20</size>
         <input_file_ref idref="fl-10"/>
      </object_component>
      <object_component id="oc-6b">
         <name>.debug_info</name>
         <load_address>0x1fa23</load_address>
         <run_address>0x1fa23</run_address>
         <size>0x376</size>
         <input_file_ref idref="fl-11"/>
      </object_component>
      <object_component id="oc-f7">
         <name>.debug_info</name>
         <load_address>0x1fd99</load_address>
         <run_address>0x1fd99</run_address>
         <size>0x29d</size>
         <input_file_ref idref="fl-12"/>
      </object_component>
      <object_component id="oc-78">
         <name>.debug_info</name>
         <load_address>0x20036</load_address>
         <run_address>0x20036</run_address>
         <size>0x2ce</size>
         <input_file_ref idref="fl-13"/>
      </object_component>
      <object_component id="oc-24">
         <name>.debug_info</name>
         <load_address>0x20304</load_address>
         <run_address>0x20304</run_address>
         <size>0xfa</size>
         <input_file_ref idref="fl-13"/>
      </object_component>
      <object_component id="oc-66">
         <name>.debug_info</name>
         <load_address>0x203fe</load_address>
         <run_address>0x203fe</run_address>
         <size>0x1c1</size>
         <input_file_ref idref="fl-13"/>
      </object_component>
      <object_component id="oc-177">
         <name>.debug_info</name>
         <load_address>0x205bf</load_address>
         <run_address>0x205bf</run_address>
         <size>0xf3</size>
         <input_file_ref idref="fl-14"/>
      </object_component>
      <object_component id="oc-a9">
         <name>.debug_info</name>
         <load_address>0x206b2</load_address>
         <run_address>0x206b2</run_address>
         <size>0x265</size>
         <input_file_ref idref="fl-14"/>
      </object_component>
      <object_component id="oc-1db">
         <name>.debug_info</name>
         <load_address>0x20917</load_address>
         <run_address>0x20917</run_address>
         <size>0x14f</size>
         <input_file_ref idref="fl-ce"/>
      </object_component>
      <object_component id="oc-1a1">
         <name>.debug_info</name>
         <load_address>0x20a66</load_address>
         <run_address>0x20a66</run_address>
         <size>0x12b</size>
         <input_file_ref idref="fl-cf"/>
      </object_component>
      <object_component id="oc-1a7">
         <name>.debug_info</name>
         <load_address>0x20b91</load_address>
         <run_address>0x20b91</run_address>
         <size>0x12d</size>
         <input_file_ref idref="fl-cf"/>
      </object_component>
      <object_component id="oc-193">
         <name>.debug_info</name>
         <load_address>0x20cbe</load_address>
         <run_address>0x20cbe</run_address>
         <size>0x13d</size>
         <input_file_ref idref="fl-d0"/>
      </object_component>
      <object_component id="oc-18e">
         <name>.debug_info</name>
         <load_address>0x20dfb</load_address>
         <run_address>0x20dfb</run_address>
         <size>0x13d</size>
         <input_file_ref idref="fl-d1"/>
      </object_component>
      <object_component id="oc-199">
         <name>.debug_info</name>
         <load_address>0x20f38</load_address>
         <run_address>0x20f38</run_address>
         <size>0x141</size>
         <input_file_ref idref="fl-d2"/>
      </object_component>
      <object_component id="oc-19c">
         <name>.debug_info</name>
         <load_address>0x21079</load_address>
         <run_address>0x21079</run_address>
         <size>0x12f</size>
         <input_file_ref idref="fl-d3"/>
      </object_component>
      <object_component id="oc-1d5">
         <name>.debug_info</name>
         <load_address>0x211a8</load_address>
         <run_address>0x211a8</run_address>
         <size>0x12f</size>
         <input_file_ref idref="fl-d4"/>
      </object_component>
      <object_component id="oc-188">
         <name>.debug_info</name>
         <load_address>0x212d7</load_address>
         <run_address>0x212d7</run_address>
         <size>0x131</size>
         <input_file_ref idref="fl-d5"/>
      </object_component>
      <object_component id="oc-91">
         <name>.debug_info</name>
         <load_address>0x21408</load_address>
         <run_address>0x21408</run_address>
         <size>0x14a</size>
         <input_file_ref idref="fl-d6"/>
      </object_component>
      <object_component id="oc-8f">
         <name>.debug_info</name>
         <load_address>0x21552</load_address>
         <run_address>0x21552</run_address>
         <size>0x31e</size>
         <input_file_ref idref="fl-d7"/>
      </object_component>
      <object_component id="oc-41">
         <name>.debug_info</name>
         <load_address>0x21870</load_address>
         <run_address>0x21870</run_address>
         <size>0x1bf</size>
         <input_file_ref idref="fl-d7"/>
      </object_component>
      <object_component id="oc-8a">
         <name>.debug_info</name>
         <load_address>0x21a2f</load_address>
         <run_address>0x21a2f</run_address>
         <size>0x46</size>
         <input_file_ref idref="fl-d7"/>
      </object_component>
      <object_component id="oc-12f">
         <name>.debug_info</name>
         <load_address>0x21a75</load_address>
         <run_address>0x21a75</run_address>
         <size>0x2c</size>
         <input_file_ref idref="fl-d7"/>
      </object_component>
      <object_component id="oc-3f">
         <name>.debug_info</name>
         <load_address>0x21aa1</load_address>
         <run_address>0x21aa1</run_address>
         <size>0x2a8</size>
         <input_file_ref idref="fl-d8"/>
      </object_component>
      <object_component id="oc-1c">
         <name>.debug_info</name>
         <load_address>0x21d49</load_address>
         <run_address>0x21d49</run_address>
         <size>0x1ea</size>
         <input_file_ref idref="fl-d8"/>
      </object_component>
      <object_component id="oc-3a">
         <name>.debug_info</name>
         <load_address>0x21f33</load_address>
         <run_address>0x21f33</run_address>
         <size>0x46</size>
         <input_file_ref idref="fl-d8"/>
      </object_component>
      <object_component id="oc-82">
         <name>.debug_info</name>
         <load_address>0x21f79</load_address>
         <run_address>0x21f79</run_address>
         <size>0x2c</size>
         <input_file_ref idref="fl-d8"/>
      </object_component>
      <object_component id="oc-80">
         <name>.debug_info</name>
         <load_address>0x21fa5</load_address>
         <run_address>0x21fa5</run_address>
         <size>0x29e</size>
         <input_file_ref idref="fl-d9"/>
      </object_component>
      <object_component id="oc-16">
         <name>.debug_info</name>
         <load_address>0x22243</load_address>
         <run_address>0x22243</run_address>
         <size>0x250</size>
         <input_file_ref idref="fl-d9"/>
      </object_component>
      <object_component id="oc-2a">
         <name>.debug_info</name>
         <load_address>0x22493</load_address>
         <run_address>0x22493</run_address>
         <size>0x60</size>
         <input_file_ref idref="fl-d9"/>
      </object_component>
      <object_component id="oc-128">
         <name>.debug_info</name>
         <load_address>0x224f3</load_address>
         <run_address>0x224f3</run_address>
         <size>0x46</size>
         <input_file_ref idref="fl-d9"/>
      </object_component>
      <object_component id="oc-7b">
         <name>.debug_info</name>
         <load_address>0x22539</load_address>
         <run_address>0x22539</run_address>
         <size>0x39</size>
         <input_file_ref idref="fl-d9"/>
      </object_component>
      <object_component id="oc-27">
         <name>.debug_info</name>
         <load_address>0x22572</load_address>
         <run_address>0x22572</run_address>
         <size>0x10b</size>
         <input_file_ref idref="fl-da"/>
      </object_component>
      <object_component id="oc-53">
         <name>.debug_info</name>
         <load_address>0x2267d</load_address>
         <run_address>0x2267d</run_address>
         <size>0x1af</size>
         <input_file_ref idref="fl-da"/>
      </object_component>
      <object_component id="oc-13b">
         <name>.debug_info</name>
         <load_address>0x2282c</load_address>
         <run_address>0x2282c</run_address>
         <size>0x122</size>
         <input_file_ref idref="fl-db"/>
      </object_component>
      <object_component id="oc-35">
         <name>.debug_info</name>
         <load_address>0x2294e</load_address>
         <run_address>0x2294e</run_address>
         <size>0x11c</size>
         <input_file_ref idref="fl-de"/>
      </object_component>
      <object_component id="oc-228">
         <name>.debug_info</name>
         <load_address>0x22a6a</load_address>
         <run_address>0x22a6a</run_address>
         <size>0x552</size>
         <input_file_ref idref="fl-df"/>
      </object_component>
      <object_component id="oc-145">
         <name>.debug_info</name>
         <load_address>0x22fbc</load_address>
         <run_address>0x22fbc</run_address>
         <size>0x1a6</size>
         <input_file_ref idref="fl-df"/>
      </object_component>
      <object_component id="oc-2a3">
         <name>.debug_info</name>
         <load_address>0x23162</load_address>
         <run_address>0x23162</run_address>
         <size>0x39</size>
         <input_file_ref idref="fl-df"/>
      </object_component>
      <object_component id="oc-2b9">
         <name>.debug_info</name>
         <load_address>0x2319b</load_address>
         <run_address>0x2319b</run_address>
         <size>0x39</size>
         <input_file_ref idref="fl-df"/>
      </object_component>
      <object_component id="oc-2a8">
         <name>.debug_info</name>
         <load_address>0x231d4</load_address>
         <run_address>0x231d4</run_address>
         <size>0x39</size>
         <input_file_ref idref="fl-df"/>
      </object_component>
      <object_component id="oc-2ad">
         <name>.debug_info</name>
         <load_address>0x2320d</load_address>
         <run_address>0x2320d</run_address>
         <size>0xcd</size>
         <input_file_ref idref="fl-df"/>
      </object_component>
      <object_component id="oc-97">
         <name>.debug_info</name>
         <load_address>0x232da</load_address>
         <run_address>0x232da</run_address>
         <size>0x153</size>
         <input_file_ref idref="fl-e0"/>
      </object_component>
      <object_component id="oc-2f7">
         <name>.debug_info</name>
         <load_address>0x2342d</load_address>
         <run_address>0x2342d</run_address>
         <size>0xa9</size>
      </object_component>
      <object_component id="oc-292">
         <name>.debug_line</name>
         <load_address>0x0</load_address>
         <run_address>0x0</run_address>
         <size>0x20</size>
         <input_file_ref idref="fl-2"/>
      </object_component>
      <object_component id="oc-ba">
         <name>.debug_line</name>
         <load_address>0x20</load_address>
         <run_address>0x20</run_address>
         <size>0x144</size>
         <input_file_ref idref="fl-2"/>
      </object_component>
      <object_component id="oc-244">
         <name>.debug_line</name>
         <load_address>0x164</load_address>
         <run_address>0x164</run_address>
         <size>0x55</size>
         <input_file_ref idref="fl-2"/>
      </object_component>
      <object_component id="oc-183">
         <name>.debug_line</name>
         <load_address>0x1b9</load_address>
         <run_address>0x1b9</run_address>
         <size>0x52</size>
         <input_file_ref idref="fl-2"/>
      </object_component>
      <object_component id="oc-126">
         <name>.debug_line</name>
         <load_address>0x20b</load_address>
         <run_address>0x20b</run_address>
         <size>0x69</size>
         <input_file_ref idref="fl-2"/>
      </object_component>
      <object_component id="oc-32">
         <name>.debug_line</name>
         <load_address>0x274</load_address>
         <run_address>0x274</run_address>
         <size>0x20</size>
         <input_file_ref idref="fl-2"/>
      </object_component>
      <object_component id="oc-17d">
         <name>.debug_line</name>
         <load_address>0x294</load_address>
         <run_address>0x294</run_address>
         <size>0x6d</size>
         <input_file_ref idref="fl-2"/>
      </object_component>
      <object_component id="oc-b3">
         <name>.debug_line</name>
         <load_address>0x301</load_address>
         <run_address>0x301</run_address>
         <size>0x6a</size>
         <input_file_ref idref="fl-2"/>
      </object_component>
      <object_component id="oc-287">
         <name>.debug_line</name>
         <load_address>0x36b</load_address>
         <run_address>0x36b</run_address>
         <size>0x64</size>
         <input_file_ref idref="fl-2"/>
      </object_component>
      <object_component id="oc-26b">
         <name>.debug_line</name>
         <load_address>0x3cf</load_address>
         <run_address>0x3cf</run_address>
         <size>0x4c</size>
         <input_file_ref idref="fl-3"/>
      </object_component>
      <object_component id="oc-e9">
         <name>.debug_line</name>
         <load_address>0x41b</load_address>
         <run_address>0x41b</run_address>
         <size>0x138</size>
         <input_file_ref idref="fl-3"/>
      </object_component>
      <object_component id="oc-11f">
         <name>.debug_line</name>
         <load_address>0x553</load_address>
         <run_address>0x553</run_address>
         <size>0x52</size>
         <input_file_ref idref="fl-3"/>
      </object_component>
      <object_component id="oc-20b">
         <name>.debug_line</name>
         <load_address>0x5a5</load_address>
         <run_address>0x5a5</run_address>
         <size>0x2f</size>
         <input_file_ref idref="fl-3"/>
      </object_component>
      <object_component id="oc-256">
         <name>.debug_line</name>
         <load_address>0x5d4</load_address>
         <run_address>0x5d4</run_address>
         <size>0x6a</size>
         <input_file_ref idref="fl-4"/>
      </object_component>
      <object_component id="oc-213">
         <name>.debug_line</name>
         <load_address>0x63e</load_address>
         <run_address>0x63e</run_address>
         <size>0x39</size>
         <input_file_ref idref="fl-4"/>
      </object_component>
      <object_component id="oc-d1">
         <name>.debug_line</name>
         <load_address>0x677</load_address>
         <run_address>0x677</run_address>
         <size>0x6ea</size>
         <input_file_ref idref="fl-4"/>
      </object_component>
      <object_component id="oc-290">
         <name>.debug_line</name>
         <load_address>0xd61</load_address>
         <run_address>0xd61</run_address>
         <size>0x20</size>
         <input_file_ref idref="fl-5"/>
      </object_component>
      <object_component id="oc-21a">
         <name>.debug_line</name>
         <load_address>0xd81</load_address>
         <run_address>0xd81</run_address>
         <size>0x30</size>
         <input_file_ref idref="fl-5"/>
      </object_component>
      <object_component id="oc-104">
         <name>.debug_line</name>
         <load_address>0xdb1</load_address>
         <run_address>0xdb1</run_address>
         <size>0x84</size>
         <input_file_ref idref="fl-5"/>
      </object_component>
      <object_component id="oc-28e">
         <name>.debug_line</name>
         <load_address>0xe35</load_address>
         <run_address>0xe35</run_address>
         <size>0x20</size>
         <input_file_ref idref="fl-6"/>
      </object_component>
      <object_component id="oc-217">
         <name>.debug_line</name>
         <load_address>0xe55</load_address>
         <run_address>0xe55</run_address>
         <size>0x34</size>
         <input_file_ref idref="fl-6"/>
      </object_component>
      <object_component id="oc-dd">
         <name>.debug_line</name>
         <load_address>0xe89</load_address>
         <run_address>0xe89</run_address>
         <size>0x8b</size>
         <input_file_ref idref="fl-6"/>
      </object_component>
      <object_component id="oc-2b5">
         <name>.debug_line</name>
         <load_address>0xf14</load_address>
         <run_address>0xf14</run_address>
         <size>0x20</size>
         <input_file_ref idref="fl-7"/>
      </object_component>
      <object_component id="oc-1d0">
         <name>.debug_line</name>
         <load_address>0xf34</load_address>
         <run_address>0xf34</run_address>
         <size>0xe6</size>
         <input_file_ref idref="fl-7"/>
      </object_component>
      <object_component id="oc-262">
         <name>.debug_line</name>
         <load_address>0x101a</load_address>
         <run_address>0x101a</run_address>
         <size>0x38</size>
         <input_file_ref idref="fl-8"/>
      </object_component>
      <object_component id="oc-258">
         <name>.debug_line</name>
         <load_address>0x1052</load_address>
         <run_address>0x1052</run_address>
         <size>0x2f</size>
         <input_file_ref idref="fl-8"/>
      </object_component>
      <object_component id="oc-25a">
         <name>.debug_line</name>
         <load_address>0x1081</load_address>
         <run_address>0x1081</run_address>
         <size>0x2f</size>
         <input_file_ref idref="fl-8"/>
      </object_component>
      <object_component id="oc-25c">
         <name>.debug_line</name>
         <load_address>0x10b0</load_address>
         <run_address>0x10b0</run_address>
         <size>0x2f</size>
         <input_file_ref idref="fl-8"/>
      </object_component>
      <object_component id="oc-25e">
         <name>.debug_line</name>
         <load_address>0x10df</load_address>
         <run_address>0x10df</run_address>
         <size>0x2f</size>
         <input_file_ref idref="fl-8"/>
      </object_component>
      <object_component id="oc-260">
         <name>.debug_line</name>
         <load_address>0x110e</load_address>
         <run_address>0x110e</run_address>
         <size>0x2f</size>
         <input_file_ref idref="fl-8"/>
      </object_component>
      <object_component id="oc-d7">
         <name>.debug_line</name>
         <load_address>0x113d</load_address>
         <run_address>0x113d</run_address>
         <size>0x1fc</size>
         <input_file_ref idref="fl-8"/>
      </object_component>
      <object_component id="oc-266">
         <name>.debug_line</name>
         <load_address>0x1339</load_address>
         <run_address>0x1339</run_address>
         <size>0x52</size>
         <input_file_ref idref="fl-8"/>
      </object_component>
      <object_component id="oc-240">
         <name>.debug_line</name>
         <load_address>0x138b</load_address>
         <run_address>0x138b</run_address>
         <size>0x84</size>
         <input_file_ref idref="fl-9"/>
      </object_component>
      <object_component id="oc-215">
         <name>.debug_line</name>
         <load_address>0x140f</load_address>
         <run_address>0x140f</run_address>
         <size>0x2e</size>
         <input_file_ref idref="fl-9"/>
      </object_component>
      <object_component id="oc-bc">
         <name>.debug_line</name>
         <load_address>0x143d</load_address>
         <run_address>0x143d</run_address>
         <size>0x25b</size>
         <input_file_ref idref="fl-9"/>
      </object_component>
      <object_component id="oc-250">
         <name>.debug_line</name>
         <load_address>0x1698</load_address>
         <run_address>0x1698</run_address>
         <size>0x20</size>
         <input_file_ref idref="fl-a"/>
      </object_component>
      <object_component id="oc-24e">
         <name>.debug_line</name>
         <load_address>0x16b8</load_address>
         <run_address>0x16b8</run_address>
         <size>0x32</size>
         <input_file_ref idref="fl-a"/>
      </object_component>
      <object_component id="oc-c6">
         <name>.debug_line</name>
         <load_address>0x16ea</load_address>
         <run_address>0x16ea</run_address>
         <size>0x103</size>
         <input_file_ref idref="fl-a"/>
      </object_component>
      <object_component id="oc-271">
         <name>.debug_line</name>
         <load_address>0x17ed</load_address>
         <run_address>0x17ed</run_address>
         <size>0x132</size>
         <input_file_ref idref="fl-b"/>
      </object_component>
      <object_component id="oc-1e1">
         <name>.debug_line</name>
         <load_address>0x191f</load_address>
         <run_address>0x191f</run_address>
         <size>0x30</size>
         <input_file_ref idref="fl-b"/>
      </object_component>
      <object_component id="oc-252">
         <name>.debug_line</name>
         <load_address>0x194f</load_address>
         <run_address>0x194f</run_address>
         <size>0x30</size>
         <input_file_ref idref="fl-b"/>
      </object_component>
      <object_component id="oc-254">
         <name>.debug_line</name>
         <load_address>0x197f</load_address>
         <run_address>0x197f</run_address>
         <size>0x30</size>
         <input_file_ref idref="fl-b"/>
      </object_component>
      <object_component id="oc-74">
         <name>.debug_line</name>
         <load_address>0x19af</load_address>
         <run_address>0x19af</run_address>
         <size>0x844</size>
         <input_file_ref idref="fl-b"/>
      </object_component>
      <object_component id="oc-28c">
         <name>.debug_line</name>
         <load_address>0x21f3</load_address>
         <run_address>0x21f3</run_address>
         <size>0x20</size>
         <input_file_ref idref="fl-c"/>
      </object_component>
      <object_component id="oc-210">
         <name>.debug_line</name>
         <load_address>0x2213</load_address>
         <run_address>0x2213</run_address>
         <size>0x37</size>
         <input_file_ref idref="fl-c"/>
      </object_component>
      <object_component id="oc-cc">
         <name>.debug_line</name>
         <load_address>0x224a</load_address>
         <run_address>0x224a</run_address>
         <size>0x177</size>
         <input_file_ref idref="fl-c"/>
      </object_component>
      <object_component id="oc-26f">
         <name>.debug_line</name>
         <load_address>0x23c1</load_address>
         <run_address>0x23c1</run_address>
         <size>0x4c</size>
         <input_file_ref idref="fl-d"/>
      </object_component>
      <object_component id="oc-f0">
         <name>.debug_line</name>
         <load_address>0x240d</load_address>
         <run_address>0x240d</run_address>
         <size>0x265</size>
         <input_file_ref idref="fl-d"/>
      </object_component>
      <object_component id="oc-283">
         <name>.debug_line</name>
         <load_address>0x2672</load_address>
         <run_address>0x2672</run_address>
         <size>0x2f</size>
         <input_file_ref idref="fl-e"/>
      </object_component>
      <object_component id="oc-277">
         <name>.debug_line</name>
         <load_address>0x26a1</load_address>
         <run_address>0x26a1</run_address>
         <size>0x2f</size>
         <input_file_ref idref="fl-e"/>
      </object_component>
      <object_component id="oc-281">
         <name>.debug_line</name>
         <load_address>0x26d0</load_address>
         <run_address>0x26d0</run_address>
         <size>0x2f</size>
         <input_file_ref idref="fl-e"/>
      </object_component>
      <object_component id="oc-273">
         <name>.debug_line</name>
         <load_address>0x26ff</load_address>
         <run_address>0x26ff</run_address>
         <size>0x2f</size>
         <input_file_ref idref="fl-e"/>
      </object_component>
      <object_component id="oc-275">
         <name>.debug_line</name>
         <load_address>0x272e</load_address>
         <run_address>0x272e</run_address>
         <size>0x2f</size>
         <input_file_ref idref="fl-e"/>
      </object_component>
      <object_component id="oc-279">
         <name>.debug_line</name>
         <load_address>0x275d</load_address>
         <run_address>0x275d</run_address>
         <size>0x2f</size>
         <input_file_ref idref="fl-e"/>
      </object_component>
      <object_component id="oc-27b">
         <name>.debug_line</name>
         <load_address>0x278c</load_address>
         <run_address>0x278c</run_address>
         <size>0x2f</size>
         <input_file_ref idref="fl-e"/>
      </object_component>
      <object_component id="oc-27d">
         <name>.debug_line</name>
         <load_address>0x27bb</load_address>
         <run_address>0x27bb</run_address>
         <size>0x2f</size>
         <input_file_ref idref="fl-e"/>
      </object_component>
      <object_component id="oc-27f">
         <name>.debug_line</name>
         <load_address>0x27ea</load_address>
         <run_address>0x27ea</run_address>
         <size>0x2f</size>
         <input_file_ref idref="fl-e"/>
      </object_component>
      <object_component id="oc-28a">
         <name>.debug_line</name>
         <load_address>0x2819</load_address>
         <run_address>0x2819</run_address>
         <size>0x2f</size>
         <input_file_ref idref="fl-e"/>
      </object_component>
      <object_component id="oc-fe">
         <name>.debug_line</name>
         <load_address>0x2848</load_address>
         <run_address>0x2848</run_address>
         <size>0x9b8</size>
         <input_file_ref idref="fl-e"/>
      </object_component>
      <object_component id="oc-107">
         <name>.debug_line</name>
         <load_address>0x3200</load_address>
         <run_address>0x3200</run_address>
         <size>0x31c</size>
         <input_file_ref idref="fl-f"/>
      </object_component>
      <object_component id="oc-e4">
         <name>.debug_line</name>
         <load_address>0x351c</load_address>
         <run_address>0x351c</run_address>
         <size>0x2cf</size>
         <input_file_ref idref="fl-10"/>
      </object_component>
      <object_component id="oc-6e">
         <name>.debug_line</name>
         <load_address>0x37eb</load_address>
         <run_address>0x37eb</run_address>
         <size>0xe8</size>
         <input_file_ref idref="fl-11"/>
      </object_component>
      <object_component id="oc-f6">
         <name>.debug_line</name>
         <load_address>0x38d3</load_address>
         <run_address>0x38d3</run_address>
         <size>0xa4</size>
         <input_file_ref idref="fl-12"/>
      </object_component>
      <object_component id="oc-122">
         <name>.debug_line</name>
         <load_address>0x3977</load_address>
         <run_address>0x3977</run_address>
         <size>0x40</size>
         <input_file_ref idref="fl-13"/>
      </object_component>
      <object_component id="oc-77">
         <name>.debug_line</name>
         <load_address>0x39b7</load_address>
         <run_address>0x39b7</run_address>
         <size>0x40</size>
         <input_file_ref idref="fl-13"/>
      </object_component>
      <object_component id="oc-68">
         <name>.debug_line</name>
         <load_address>0x39f7</load_address>
         <run_address>0x39f7</run_address>
         <size>0x71</size>
         <input_file_ref idref="fl-13"/>
      </object_component>
      <object_component id="oc-23e">
         <name>.debug_line</name>
         <load_address>0x3a68</load_address>
         <run_address>0x3a68</run_address>
         <size>0x3b</size>
         <input_file_ref idref="fl-14"/>
      </object_component>
      <object_component id="oc-ac">
         <name>.debug_line</name>
         <load_address>0x3aa3</load_address>
         <run_address>0x3aa3</run_address>
         <size>0x159</size>
         <input_file_ref idref="fl-14"/>
      </object_component>
      <object_component id="oc-1dd">
         <name>.debug_line</name>
         <load_address>0x3bfc</load_address>
         <run_address>0x3bfc</run_address>
         <size>0xd2</size>
         <input_file_ref idref="fl-ce"/>
      </object_component>
      <object_component id="oc-1a4">
         <name>.debug_line</name>
         <load_address>0x3cce</load_address>
         <run_address>0x3cce</run_address>
         <size>0x77</size>
         <input_file_ref idref="fl-cf"/>
      </object_component>
      <object_component id="oc-1a9">
         <name>.debug_line</name>
         <load_address>0x3d45</load_address>
         <run_address>0x3d45</run_address>
         <size>0x77</size>
         <input_file_ref idref="fl-cf"/>
      </object_component>
      <object_component id="oc-192">
         <name>.debug_line</name>
         <load_address>0x3dbc</load_address>
         <run_address>0x3dbc</run_address>
         <size>0xa8</size>
         <input_file_ref idref="fl-d0"/>
      </object_component>
      <object_component id="oc-190">
         <name>.debug_line</name>
         <load_address>0x3e64</load_address>
         <run_address>0x3e64</run_address>
         <size>0x8e</size>
         <input_file_ref idref="fl-d1"/>
      </object_component>
      <object_component id="oc-198">
         <name>.debug_line</name>
         <load_address>0x3ef2</load_address>
         <run_address>0x3ef2</run_address>
         <size>0x67</size>
         <input_file_ref idref="fl-d2"/>
      </object_component>
      <object_component id="oc-19f">
         <name>.debug_line</name>
         <load_address>0x3f59</load_address>
         <run_address>0x3f59</run_address>
         <size>0x57</size>
         <input_file_ref idref="fl-d3"/>
      </object_component>
      <object_component id="oc-1d8">
         <name>.debug_line</name>
         <load_address>0x3fb0</load_address>
         <run_address>0x3fb0</run_address>
         <size>0x50</size>
         <input_file_ref idref="fl-d4"/>
      </object_component>
      <object_component id="oc-18b">
         <name>.debug_line</name>
         <load_address>0x4000</load_address>
         <run_address>0x4000</run_address>
         <size>0x4c</size>
         <input_file_ref idref="fl-d5"/>
      </object_component>
      <object_component id="oc-94">
         <name>.debug_line</name>
         <load_address>0x404c</load_address>
         <run_address>0x404c</run_address>
         <size>0x79</size>
         <input_file_ref idref="fl-d6"/>
      </object_component>
      <object_component id="oc-135">
         <name>.debug_line</name>
         <load_address>0x40c5</load_address>
         <run_address>0x40c5</run_address>
         <size>0xa9</size>
         <input_file_ref idref="fl-d7"/>
      </object_component>
      <object_component id="oc-44">
         <name>.debug_line</name>
         <load_address>0x416e</load_address>
         <run_address>0x416e</run_address>
         <size>0x4f</size>
         <input_file_ref idref="fl-d7"/>
      </object_component>
      <object_component id="oc-8d">
         <name>.debug_line</name>
         <load_address>0x41bd</load_address>
         <run_address>0x41bd</run_address>
         <size>0x34</size>
         <input_file_ref idref="fl-d7"/>
      </object_component>
      <object_component id="oc-132">
         <name>.debug_line</name>
         <load_address>0x41f1</load_address>
         <run_address>0x41f1</run_address>
         <size>0x95</size>
         <input_file_ref idref="fl-d7"/>
      </object_component>
      <object_component id="oc-88">
         <name>.debug_line</name>
         <load_address>0x4286</load_address>
         <run_address>0x4286</run_address>
         <size>0x20</size>
         <input_file_ref idref="fl-d8"/>
      </object_component>
      <object_component id="oc-1f">
         <name>.debug_line</name>
         <load_address>0x42a6</load_address>
         <run_address>0x42a6</run_address>
         <size>0x55</size>
         <input_file_ref idref="fl-d8"/>
      </object_component>
      <object_component id="oc-3d">
         <name>.debug_line</name>
         <load_address>0x42fb</load_address>
         <run_address>0x42fb</run_address>
         <size>0x3a</size>
         <input_file_ref idref="fl-d8"/>
      </object_component>
      <object_component id="oc-85">
         <name>.debug_line</name>
         <load_address>0x4335</load_address>
         <run_address>0x4335</run_address>
         <size>0x95</size>
         <input_file_ref idref="fl-d8"/>
      </object_component>
      <object_component id="oc-12e">
         <name>.debug_line</name>
         <load_address>0x43ca</load_address>
         <run_address>0x43ca</run_address>
         <size>0x20</size>
         <input_file_ref idref="fl-d9"/>
      </object_component>
      <object_component id="oc-18">
         <name>.debug_line</name>
         <load_address>0x43ea</load_address>
         <run_address>0x43ea</run_address>
         <size>0xa9</size>
         <input_file_ref idref="fl-d9"/>
      </object_component>
      <object_component id="oc-2d">
         <name>.debug_line</name>
         <load_address>0x4493</load_address>
         <run_address>0x4493</run_address>
         <size>0x3a</size>
         <input_file_ref idref="fl-d9"/>
      </object_component>
      <object_component id="oc-12b">
         <name>.debug_line</name>
         <load_address>0x44cd</load_address>
         <run_address>0x44cd</run_address>
         <size>0x9d</size>
         <input_file_ref idref="fl-d9"/>
      </object_component>
      <object_component id="oc-7e">
         <name>.debug_line</name>
         <load_address>0x456a</load_address>
         <run_address>0x456a</run_address>
         <size>0x99</size>
         <input_file_ref idref="fl-d9"/>
      </object_component>
      <object_component id="oc-7a">
         <name>.debug_line</name>
         <load_address>0x4603</load_address>
         <run_address>0x4603</run_address>
         <size>0x33</size>
         <input_file_ref idref="fl-da"/>
      </object_component>
      <object_component id="oc-56">
         <name>.debug_line</name>
         <load_address>0x4636</load_address>
         <run_address>0x4636</run_address>
         <size>0x56</size>
         <input_file_ref idref="fl-da"/>
      </object_component>
      <object_component id="oc-13a">
         <name>.debug_line</name>
         <load_address>0x468c</load_address>
         <run_address>0x468c</run_address>
         <size>0x3c</size>
         <input_file_ref idref="fl-db"/>
      </object_component>
      <object_component id="oc-38">
         <name>.debug_line</name>
         <load_address>0x46c8</load_address>
         <run_address>0x46c8</run_address>
         <size>0x88</size>
         <input_file_ref idref="fl-de"/>
      </object_component>
      <object_component id="oc-2a2">
         <name>.debug_line</name>
         <load_address>0x4750</load_address>
         <run_address>0x4750</run_address>
         <size>0xc2</size>
         <input_file_ref idref="fl-df"/>
      </object_component>
      <object_component id="oc-148">
         <name>.debug_line</name>
         <load_address>0x4812</load_address>
         <run_address>0x4812</run_address>
         <size>0x6c</size>
         <input_file_ref idref="fl-df"/>
      </object_component>
      <object_component id="oc-2a6">
         <name>.debug_line</name>
         <load_address>0x487e</load_address>
         <run_address>0x487e</run_address>
         <size>0x2e</size>
         <input_file_ref idref="fl-df"/>
      </object_component>
      <object_component id="oc-2bc">
         <name>.debug_line</name>
         <load_address>0x48ac</load_address>
         <run_address>0x48ac</run_address>
         <size>0x9d</size>
         <input_file_ref idref="fl-df"/>
      </object_component>
      <object_component id="oc-2ab">
         <name>.debug_line</name>
         <load_address>0x4949</load_address>
         <run_address>0x4949</run_address>
         <size>0x9a</size>
         <input_file_ref idref="fl-df"/>
      </object_component>
      <object_component id="oc-2b0">
         <name>.debug_line</name>
         <load_address>0x49e3</load_address>
         <run_address>0x49e3</run_address>
         <size>0x96</size>
         <input_file_ref idref="fl-df"/>
      </object_component>
      <object_component id="oc-9b">
         <name>.debug_line</name>
         <load_address>0x4a79</load_address>
         <run_address>0x4a79</run_address>
         <size>0x40</size>
         <input_file_ref idref="fl-e0"/>
      </object_component>
      <object_component id="oc-b9">
         <name>.debug_frame</name>
         <load_address>0x0</load_address>
         <run_address>0x0</run_address>
         <size>0xd4</size>
         <input_file_ref idref="fl-2"/>
      </object_component>
[...]
         <name>lastj</name>
         <value>0x200000a0</value>
         <object_component_ref idref="oc-1ea"/>
      </symbol>
      <symbol id="sm-746">
         <name>ST7735_PlotClear</name>
         <value>0x3113</value>
         <object_component_ref idref="oc-fa"/>
      </symbol>
      <symbol id="sm-747">
         <name>ST7735_PlotNextErase</name>
         <value>0x34ff</value>
         <object_component_ref idref="oc-fa"/>
      </symbol>
      <symbol id="sm-748">
         <name>ST7735_DrawBitmap</name>
         <value>0x28c5</value>
         <object_component_ref idref="oc-fa"/>
      </symbol>
      <symbol id="sm-749">
         <name>dBfs</name>
         <value>0x8c07</value>
         <object_component_ref idref="oc-204"/>
      </symbol>
      <symbol id="sm-74a">
         <name>ST7735_SetRotation</name>
         <value>0x3031</value>
         <object_component_ref idref="oc-fa"/>
      </symbol>
      <symbol id="sm-74b">
         <name>ST7735_SwapColor</name>
         <value>0x2895</value>
         <object_component_ref idref="oc-fa"/>
      </symbol>
      <symbol id="sm-74c">
         <name>ST7735_PlotLine</name>
         <value>0x3235</value>
         <object_component_ref idref="oc-fa"/>
      </symbol>
      <symbol id="sm-74d">
         <name>ST7735_DrawString</name>
         <value>0x2edd</value>
         <object_component_ref idref="oc-fa"/>
      </symbol>
      <symbol id="sm-74e">
         <name>ST7735_FillRect</name>
         <value>0x2755</value>
         <object_component_ref idref="oc-fa"/>
      </symbol>
      <symbol id="sm-74f">
         <name>ST7735_PlotPoint</name>
         <value>0x316f</value>
         <object_component_ref idref="oc-fa"/>
      </symbol>
      <symbol id="sm-750">
         <name>fputc</name>
         <value>0x3627</value>
         <object_component_ref idref="oc-fa"/>
      </symbol>
      <symbol id="sm-751">
         <name>fgetc</name>
         <value>0x3639</value>
         <object_component_ref idref="oc-fa"/>
      </symbol>
      <symbol id="sm-752">
         <name>ST7735_InvertDisplay</name>
         <value>0x30fb</value>
         <object_component_ref idref="oc-fa"/>
      </symbol>
      <symbol id="sm-753">
         <name>ST7735_DrawFastHLine</name>
         <value>0x2659</value>
         <object_component_ref idref="oc-fa"/>
      </symbol>
      <symbol id="sm-754">
         <name>ST7735_OutString</name>
         <value>0x35f5</value>
         <object_component_ref idref="oc-fa"/>
      </symbol>
      <symbol id="sm-788">
         <name>Bells</name>
         <value>0x37bf</value>
         <object_component_ref idref="oc-106"/>
      </symbol>
      <symbol id="sm-789">
         <name>Speaker</name>
         <value>0x36c5</value>
         <object_component_ref idref="oc-106"/>
      </symbol>
      <symbol id="sm-78a">
         <name>Pirates_C</name>
         <value>0x3845</value>
         <object_component_ref idref="oc-106"/>
      </symbol>
      <symbol id="sm-78b">
         <name>Despacito</name>
         <value>0x4117</value>
         <object_component_ref idref="oc-106"/>
      </symbol>
      <symbol id="sm-78c">
         <name>Speaker_12MHz</name>
         <value>0x3769</value>
         <object_component_ref idref="oc-106"/>
      </symbol>
      <symbol id="sm-78d">
         <name>Speaker_3MHz</name>
         <value>0x3717</value>
         <object_component_ref idref="oc-106"/>
      </symbol>
      <symbol id="sm-7c0">
         <name>TachometerSpeed</name>
         <value>0x6a01</value>
         <object_component_ref idref="oc-df"/>
      </symbol>
      <symbol id="sm-7c1">
         <name>TESTStepper_Motor1_Pin2</name>
         <value>0x68b7</value>
         <object_component_ref idref="oc-df"/>
      </symbol>
      <symbol id="sm-7c2">
         <name>TESTStepper_Motor1_Pin1</name>
         <value>0x688d</value>
         <object_component_ref idref="oc-df"/>
      </symbol>
      <symbol id="sm-7c3">
         <name>TESTStepper_Motor2_Pin2</name>
         <value>0x690b</value>
         <object_component_ref idref="oc-df"/>
      </symbol>
      <symbol id="sm-7c4">
         <name>TESTStepper_Motor2_Pin1</name>
         <value>0x68e1</value>
         <object_component_ref idref="oc-df"/>
      </symbol>
      <symbol id="sm-7c5">
         <name>Stepper1_Motor</name>
         <value>0x6701</value>
         <object_component_ref idref="oc-df"/>
      </symbol>
      <symbol id="sm-7c6">
         <name>Rotate_Stepper1_Forward_s_Steps</name>
         <value>0x6721</value>
         <object_component_ref idref="oc-df"/>
      </symbol>
      <symbol id="sm-7c7">
         <name>Rotate_Stepper1_Backward_s_Steps</name>
         <value>0x6779</value>
         <object_component_ref idref="oc-df"/>
      </symbol>
      <symbol id="sm-7c8">
         <name>Stepper2_Motor2_Pin2</name>
         <value>0x684f</value>
         <object_component_ref idref="oc-df"/>
      </symbol>
      <symbol id="sm-7c9">
         <name>Stepper2_Motor2_Pin1</name>
         <value>0x6825</value>
         <object_component_ref idref="oc-df"/>
      </symbol>
      <symbol id="sm-7ca">
         <name>Stepper2_Motor1_Pin2</name>
         <value>0x67fb</value>
         <object_component_ref idref="oc-df"/>
      </symbol>
      <symbol id="sm-7cb">
         <name>Stepper2_Motor1_Pin1</name>
         <value>0x67d1</value>
         <object_component_ref idref="oc-df"/>
      </symbol>
      <symbol id="sm-7cc">
         <name>TESTStepper_Motor</name>
         <value>0x6879</value>
         <object_component_ref idref="oc-df"/>
      </symbol>
      <symbol id="sm-7cd">
         <name>TEST_Stepper_Rotate</name>
         <value>0x6935</value>
         <object_component_ref idref="oc-df"/>
      </symbol>
      <symbol id="sm-7ce">
         <name>Stepper1_Motor2_Pin2</name>
         <value>0x66d7</value>
         <object_component_ref idref="oc-df"/>
      </symbol>
      <symbol id="sm-7cf">
         <name>Stepper1_Motor2_Pin1</name>
         <value>0x66ad</value>
         <object_component_ref idref="oc-df"/>
      </symbol>
      <symbol id="sm-7d0">
         <name>Stepper1_Motor1_Pin2</name>
         <value>0x6683</value>
         <object_component_ref idref="oc-df"/>
      </symbol>
      <symbol id="sm-7d1">
         <name>Stepper1_Motor1_Pin1</name>
         <value>0x6659</value>
         <object_component_ref idref="oc-df"/>
      </symbol>
      <symbol id="sm-7d2">
         <name>Tachometer_Init</name>
         <value>0x69a9</value>
         <object_component_ref idref="oc-df"/>
      </symbol>
      <symbol id="sm-7ea">
         <name>SysTick_Handler</name>
         <value>0x8157</value>
         <object_component_ref idref="oc-6a"/>
      </symbol>
      <symbol id="sm-7eb">
         <name>SysTick_delay_us</name>
         <value>0x810b</value>
         <object_component_ref idref="oc-6a"/>
      </symbol>
      <symbol id="sm-7ec">
         <name>SysTick_delay_ms</name>
         <value>0x80bd</value>
         <object_component_ref idref="oc-6a"/>
      </symbol>
      <symbol id="sm-7ed">
         <name>SysTickInit_NoInterrupts</name>
         <value>0x807d</value>
         <object_component_ref idref="oc-6a"/>
      </symbol>
      <symbol id="sm-7ee">
         <name>SysTickInit_WithInterrupts</name>
         <value>0x809d</value>
         <object_component_ref idref="oc-6a"/>
      </symbol>
      <symbol id="sm-807">
         <name>TIMERA3_0_HalfSecondInterval_init</name>
         <value>0x81df</value>
         <object_component_ref idref="oc-f4"/>
      </symbol>
      <symbol id="sm-808">
         <name>TIMERA1_0_Timer_withInterrupts</name>
         <value>0x8183</value>
         <object_component_ref idref="oc-f4"/>
      </symbol>
      <symbol id="sm-809">
         <name>TIMERA0_PWM_init</name>
         <value>0x8165</value>
         <object_component_ref idref="oc-f4"/>
      </symbol>
      <symbol id="sm-80a">
         <name>TIMERA1_0_oneMSInterval_init</name>
         <value>0x81c7</value>
         <object_component_ref idref="oc-f4"/>
      </symbol>
      <symbol id="sm-81f">
         <name>Reset_Handler</name>
         <value>0x86f7</value>
         <object_component_ref idref="oc-64"/>
      </symbol>
      <symbol id="sm-820">
         <name>Default_Handler</name>
         <value>0x8703</value>
         <object_component_ref idref="oc-64"/>
      </symbol>
      <symbol id="sm-821">
         <name>interruptVectors</name>
         <value>0x0</value>
         <object_component_ref idref="oc-23"/>
      </symbol>
      <symbol id="sm-869">
         <name>SystemInit</name>
         <value>0x704d</value>
         <object_component_ref idref="oc-a8"/>
      </symbol>
      <symbol id="sm-86a">
         <name>SystemCoreClockUpdate</name>
         <value>0x6dd5</value>
         <object_component_ref idref="oc-a8"/>
      </symbol>
      <symbol id="sm-86b">
         <name>SystemCoreClock</name>
         <value>0x200000d4</value>
         <object_component_ref idref="oc-176"/>
      </symbol>
      <symbol id="sm-882">
         <name>__aeabi_dsub</name>
         <value>0x78d5</value>
         <object_component_ref idref="oc-1d9"/>
      </symbol>
      <symbol id="sm-883">
         <name>__aeabi_dadd</name>
         <value>0x78df</value>
         <object_component_ref idref="oc-1d9"/>
      </symbol>
      <symbol id="sm-8a5">
         <name>__aeabi_cdcmpeq</name>
         <value>0x8379</value>
         <object_component_ref idref="oc-1a0"/>
      </symbol>
      <symbol id="sm-8a6">
         <name>__aeabi_cdcmple</name>
         <value>0x8379</value>
         <object_component_ref idref="oc-1a0"/>
      </symbol>
      <symbol id="sm-8a7">
         <name>__aeabi_cdrcmple</name>
         <value>0x83ff</value>
         <object_component_ref idref="oc-1a5"/>
      </symbol>
      <symbol id="sm-8bb">
         <name>__aeabi_ddiv</name>
         <value>0x7d59</value>
         <object_component_ref idref="oc-191"/>
      </symbol>
      <symbol id="sm-8c6">
         <name>__aeabi_dmul</name>
         <value>0x7e8f</value>
         <object_component_ref idref="oc-18c"/>
      </symbol>
      <symbol id="sm-8d2">
         <name>__aeabi_d2f</name>
         <value>0x84ff</value>
         <object_component_ref idref="oc-196"/>
      </symbol>
      <symbol id="sm-8dd">
         <name>__aeabi_f2d</name>
         <value>0x8651</value>
         <object_component_ref idref="oc-19b"/>
      </symbol>
      <symbol id="sm-8e7">
         <name>__aeabi_i2d</name>
         <value>0x8689</value>
         <object_component_ref idref="oc-1d4"/>
      </symbol>
      <symbol id="sm-8f1">
         <name>__aeabi_ui2d</name>
         <value>0x86b7</value>
         <object_component_ref idref="oc-187"/>
      </symbol>
      <symbol id="sm-900">
         <name>__aeabi_memset</name>
         <value>0x8487</value>
         <object_component_ref idref="oc-90"/>
      </symbol>
      <symbol id="sm-901">
         <name>memset</name>
         <value>0x848d</value>
         <object_component_ref idref="oc-90"/>
      </symbol>
      <symbol id="sm-902">
         <name>__aeabi_memset8</name>
         <value>0x8487</value>
         <object_component_ref idref="oc-90"/>
      </symbol>
      <symbol id="sm-903">
         <name>__aeabi_memset4</name>
         <value>0x8487</value>
         <object_component_ref idref="oc-90"/>
      </symbol>
      <symbol id="sm-904">
         <name>__aeabi_memclr8</name>
         <value>0x8485</value>
         <object_component_ref idref="oc-90"/>
      </symbol>
      <symbol id="sm-905">
         <name>__aeabi_memclr4</name>
         <value>0x8485</value>
         <object_component_ref idref="oc-90"/>
      </symbol>
      <symbol id="sm-906">
         <name>__aeabi_memclr</name>
         <value>0x8485</value>
         <object_component_ref idref="oc-90"/>
      </symbol>
      <symbol id="sm-91f">
         <name>__TI_zero_init_nomemset</name>
         <value>0x86d7</value>
         <object_component_ref idref="oc-40"/>
      </symbol>
      <symbol id="sm-936">
         <name>__TI_decompress_none</name>
         <value>0x86e9</value>
         <object_component_ref idref="oc-1a"/>
      </symbol>
      <symbol id="sm-959">
         <name>__TI_decompress_lzss</name>
         <value>0x856d</value>
         <object_component_ref idref="oc-14"/>
      </symbol>
      <symbol id="sm-96c">
         <name>__stack</name>
         <value>0x2000fe00</value>
         <object_component_ref idref="oc-26"/>
      </symbol>
      <symbol id="sm-96d">
         <name>_c_int00_noargs</name>
         <value>0x8619</value>
         <object_component_ref idref="oc-52"/>
      </symbol>
      <symbol id="sm-978">
         <name>C$$EXIT</name>
         <value>0x8709</value>
         <object_component_ref idref="oc-138"/>
      </symbol>
      <symbol id="sm-979">
         <name>abort</name>
         <value>0x8709</value>
         <object_component_ref idref="oc-138"/>
      </symbol>
      <symbol id="sm-996">
         <name>memcpy</name>
         <value>0x82dd</value>
         <object_component_ref idref="oc-34"/>
      </symbol>
      <symbol id="sm-997">
         <name>__aeabi_memcpy</name>
         <value>0x82dd</value>
         <object_component_ref idref="oc-34"/>
      </symbol>
      <symbol id="sm-998">
         <name>__aeabi_memcpy8</name>
         <value>0x82dd</value>
         <object_component_ref idref="oc-34"/>
      </symbol>
      <symbol id="sm-999">
         <name>__aeabi_memcpy4</name>
         <value>0x82dd</value>
         <object_component_ref idref="oc-34"/>
      </symbol>
      <symbol id="sm-9c1">
         <name>__TI_auto_init_nobinit_nopinit</name>
         <value>0x85d5</value>
         <object_component_ref idref="oc-144"/>
      </symbol>
      <symbol id="sm-9cb">
         <name>_system_pre_init</name>
         <value>0x8705</value>
         <object_component_ref idref="oc-96"/>
      </symbol>
      <symbol id="sm-9cd">
         <name>__TI_static_base__</name>
         <value>0x0</value>
      </symbol>
      <symbol id="sm-9d0">
         <name>__mpu_init</name>
         <value>0x0</value>
      </symbol>
      <symbol id="sm-9d1">
         <name>_system_post_cinit</name>
         <value>0x0</value>
      </symbol>
      <symbol id="sm-9d2">
         <name>NMI_Handler</name>
         <value>0x8703</value>
      </symbol>
      <symbol id="sm-9d3">
         <name>HardFault_Handler</name>
         <value>0x8703</value>
      </symbol>
      <symbol id="sm-9d4">
         <name>MemManage_Handler</name>
         <value>0x8703</value>
      </symbol>
      <symbol id="sm-9d5">
         <name>BusFault_Handler</name>
         <value>0x8703</value>
      </symbol>
      <symbol id="sm-9d6">
         <name>UsageFault_Handler</name>
         <value>0x8703</value>
      </symbol>
      <symbol id="sm-9d7">
         <name>SVC_Handler</name>
         <value>0x8703</value>
      </symbol>
      <symbol id="sm-9d8">
         <name>DebugMon_Handler</name>
         <value>0x8703</value>
      </symbol>
      <symbol id="sm-9d9">
         <name>PendSV_Handler</name>
         <value>0x8703</value>
      </symbol>
      <symbol id="sm-9da">
         <name>SysTick_Handler</name>
         <value>0x8157</value>
      </symbol>
      <symbol id="sm-9db">
         <name>PSS_IRQHandler</name>
         <value>0x8703</value>
      </symbol>
      <symbol id="sm-9dc">
         <name>CS_IRQHandler</name>
         <value>0x8703</value>
      </symbol>
      <symbol id="sm-9dd">
         <name>PCM_IRQHandler</name>
         <value>0x8703</value>
      </symbol>
      <symbol id="sm-9de">
         <name>WDT_A_IRQHandler</name>
         <value>0x8703</value>
      </symbol>
      <symbol id="sm-9df">
         <name>FPU_IRQHandler</name>
         <value>0x8703</value>
      </symbol>
      <symbol id="sm-9e0">
         <name>FLCTL_IRQHandler</name>
         <value>0x8703</value>
      </symbol>
      <symbol id="sm-9e1">
         <name>COMP_E0_IRQHandler</name>
         <value>0x8703</value>
      </symbol>
      <symbol id="sm-9e2">
         <name>COMP_E1_IRQHandler</name>
         <value>0x8703</value>
      </symbol>
      <symbol id="sm-9e3">
         <name>TA0_0_IRQHandler</name>
         <value>0x4f79</value>
      </symbol>
      <symbol id="sm-9e4">
         <name>TA0_N_IRQHandler</name>
         <value>0x8703</value>
      </symbol>
      <symbol id="sm-9e5">
         <name>TA1_0_IRQHandler</name>
         <value>0x4f85</value>
      </symbol>
      <symbol id="sm-9e6">
         <name>TA1_N_IRQHandler</name>
         <value>0x8703</value>
      </symbol>
      <symbol id="sm-9e7">
         <name>TA2_0_IRQHandler</name>
         <value>0x4f97</value>
      </symbol>
      <symbol id="sm-9e8">
         <name>TA2_N_IRQHandler</name>
         <value>0x8703</value>
      </symbol>
      <symbol id="sm-9e9">
         <name>TA3_0_IRQHandler</name>
         <value>0x4fa9</value>
      </symbol>
      <symbol id="sm-9ea">
         <name>TA3_N_IRQHandler</name>
         <value>0x8703</value>
      </symbol>
      <symbol id="sm-9eb">
         <name>EUSCIA0_IRQHandler</name>
         <value>0x8703</value>
      </symbol>
      <symbol id="sm-9ec">
         <name>EUSCIA1_IRQHandler</name>
         <value>0x8703</value>
      </symbol>
      <symbol id="sm-9ed">
         <name>EUSCIA2_IRQHandler</name>
         <value>0x8703</value>
      </symbol>
      <symbol id="sm-9ee">
         <name>EUSCIA3_IRQHandler</name>
         <value>0x8703</value>
      </symbol>
      <symbol id="sm-9ef">
         <name>EUSCIB0_IRQHandler</name>
         <value>0x8703</value>
      </symbol>
      <symbol id="sm-9f0">
         <name>EUSCIB1_IRQHandler</name>
         <value>0x8703</value>
      </symbol>
      <symbol id="sm-9f1">
         <name>EUSCIB2_IRQHandler</name>
         <value>0x8703</value>
      </symbol>
      <symbol id="sm-9f2">
         <name>EUSCIB3_IRQHandler</name>
         <value>0x8703</value>
      </symbol>
      <symbol id="sm-9f3">
         <name>ADC14_IRQHandler</name>
         <value>0x8703</value>
      </symbol>
      <symbol id="sm-9f4">
         <name>T32_INT1_IRQHandler</name>
         <value>0x4ff1</value>
      </symbol>
      <symbol id="sm-9f5">
         <name>T32_INT2_IRQHandler</name>
         <value>0x8703</value>
      </symbol>
      <symbol id="sm-9f6">
         <name>T32_INTC_IRQHandler</name>
         <value>0x8703</value>
      </symbol>
      <symbol id="sm-9f7">
         <name>AES256_IRQHandler</name>
         <value>0x8703</value>
      </symbol>
      <symbol id="sm-9f8">
         <name>RTC_C_IRQHandler</name>
         <value>0x8703</value>
      </symbol>
      <symbol id="sm-9f9">
         <name>DMA_ERR_IRQHandler</name>
         <value>0x8703</value>
      </symbol>
      <symbol id="sm-9fa">
         <name>DMA_INT3_IRQHandler</name>
         <value>0x8703</value>
      </symbol>
      <symbol id="sm-9fb">
         <name>DMA_INT2_IRQHandler</name>
         <value>0x8703</value>
      </symbol>
      <symbol id="sm-9fc">
         <name>DMA_INT1_IRQHandler</name>
         <value>0x8703</value>
      </symbol>
      <symbol id="sm-9fd">
         <name>DMA_INT0_IRQHandler</name>
         <value>0x8703</value>
      </symbol>
      <symbol id="sm-9fe">
         <name>PORT1_IRQHandler</name>
         <value>0x504d</value>
      </symbol>
      <symbol id="sm-9ff">
         <name>PORT2_IRQHandler</name>
         <value>0x8703</value>
      </symbol>
      <symbol id="sm-a00">
         <name>PORT3_IRQHandler</name>
         <value>0x4fff</value>
      </symbol>
      <symbol id="sm-a01">
         <name>PORT4_IRQHandler</name>
         <value>0x8703</value>
      </symbol>
      <symbol id="sm-a02">
         <name>PORT5_IRQHandler</name>
         <value>0x4f61</value>
      </symbol>
      <symbol id="sm-a03">
         <name>PORT6_IRQHandler</name>
         <value>0x8703</value>
      </symbol>
   </symbol_table>
   <title>Link successful</title>
</link_info>
